[emupedia.net/beta/emuos/index.html]
[backblue.gif]
[fade.gif]
[index.html]
[emupedia.net/emupedia-resources/logos/emupedia/emupedia-logo-256.png]
[emupedia.net/beta/emuos/manifest.webmanifest]
[emupedia.net/beta/emuos/favicon.ico]
[emupedia.net/emupedia-resources/logos/emupedia-logo-58.png]
[emupedia.net/emupedia-resources/logos/emupedia/emupedia-logo-58.png]
[emupedia.net/emupedia-resources/logos/emupedia/emupedia-logo-72.png]
[emupedia.net/emupedia-resources/logos/emupedia/-logo-114.png]
[emupedia.net/emupedia-resources/logos/emupedia/emupedia-logo-152.png]
[emupedia.net/emupedia-resources/logos/emupedia/emupedia-logo-168.png]
[emupedia.net/emupedia-resources/logos/emupedia/emupedia-logo-180.png]
[emupedia.net/emupedia-resources/boot/win95/emuos-boot.png]
[emupedia.net/emupedia-resources/wallpapers/win95/windows-95-clouds-remastered-1680x1050.png]
[emupedia.net/beta/emuos/css/libraries/jquery-ui.structure-1.11.4.min.css]
[emupedia.net/beta/emuos/css/libraries/jquery-ui.theme-1.11.4.min.css]
[emupedia.net/beta/emuos/css/libraries/jquery.contextMenu.css]
[emupedia.net/beta/emuos/css/libraries/jquery-customscrollbar-3.1.5.css]
[emupedia.net/beta/emuos/css/libraries/clippy-0.0.3.css]
[emupedia.net/beta/emuos/css/libraries/normalize-8.0.1.css]
[emupedia.net/beta/emuos/css/reset.css]
[emupedia.net/beta/emuos/css/fonts.css]
[emupedia.net/beta/emuos/css/desktop.css]
[emupedia.net/beta/emuos/css/taskbar.css]
[emupedia.net/beta/emuos/css/window.css]
[emupedia.net/beta/emuos/css/label.css]
[emupedia.net/beta/emuos/css/badge.css]
[emupedia.net/beta/emuos/css/tree.css]
[emupedia.net/beta/emuos/css/themes/win3x/reset.css]
[emupedia.net/beta/emuos/css/themes/win3x/cursors.css]
[emupedia.net/beta/emuos/css/themes/win3x/scrollbar.css]
[emupedia.net/beta/emuos/css/themes/win3x/menu.css]
[emupedia.net/beta/emuos/css/themes/win3x/desktop.css]
[emupedia.net/beta/emuos/css/themes/win3x/window.css]
[emupedia.net/beta/emuos/css/themes/win3x/taskbar.css]
[emupedia.net/beta/emuos/css/themes/win9x/reset.css]
[emupedia.net/beta/emuos/css/themes/win9x/cursors.css]
[emupedia.net/beta/emuos/css/themes/win9x/scrollbar.css]
[emupedia.net/beta/emuos/css/themes/win9x/menu.css]
[emupedia.net/beta/emuos/css/themes/win9x/desktop.css]
[emupedia.net/beta/emuos/css/themes/win9x/window.css]
[emupedia.net/beta/emuos/css/themes/win9x/taskbar.css]
[emupedia.net/beta/emuos/css/themes/seasonal/xmas/snowflakes.css]
[emupedia.net/beta/emuos/css/themes/seasonal/xmas/countdown.css]
[emupedia.net/beta/emuos/css/themes/seasonal/newyear/fireworks.css]
[emupedia.net/beta/emuos/css/themes/seasonal/newyear/countdown.css]
[emupedia.net/beta/emuos/css/themes/seasonal/valentines/background.css]
[emupedia.net/beta/emuos/js/polyfills.js]
[emupedia.net/beta/emuos/js/system.js]
[emupedia.net/beta/emuos/js/libraries.js]
[emupedia.net/beta/emuos/js/defines.js]
[emupedia.net/beta/emuos/index.html]
[emupedia.net/beta/emuos/js/libraries/requirejs-2.3.6.js]
[emupedia.net/emupedia-resources/logos/emupedia-logo-58.html]
[emupedia.net/emupedia-resources/logos/emupedia/-logo-114.html]
[emupedia.net/beta/emuos/css/libraries/jquery-ui.structure-1.11.4.min.css]
[emupedia.net/beta/emuos/images/ui/themes/base/ui-icons_444444_256x240.png]
[emupedia.net/beta/emuos/images/ui/themes/base/ui-icons_777777_256x240.png]
[emupedia.net/beta/emuos/images/ui/themes/base/ui-icons_555555_256x240.png]
[emupedia.net/beta/emuos/images/ui/themes/base/ui-icons_ffffff_256x240.png]
[emupedia.net/beta/emuos/images/ui/themes/base/ui-icons_777620_256x240.png]
[emupedia.net/beta/emuos/images/ui/themes/base/ui-icons_cc0000_256x240.png]
[emupedia.net/beta/emuos/css/libraries/jquery-ui.theme-1.11.4.min.css]
[emupedia.net/beta/emuos/css/libraries/font/context-menu-icons8905.eot]
[emupedia.net/beta/emuos/css/libraries/font/context-menu-icons8905.woff2]
[emupedia.net/beta/emuos/css/libraries/font/context-menu-icons8905.woff]
[emupedia.net/beta/emuos/css/libraries/font/context-menu-icons8905.ttf]
[emupedia.net/beta/emuos/css/libraries/jquery.contextMenu.css]
[emupedia.net/beta/emuos/images/ui/themes/scrollbar/jquery-customscrollbar-buttons-3.1.5.png]
[emupedia.net/beta/emuos/css/libraries/jquery-customscrollbar-3.1.5.css]
[emupedia.net/beta/emuos/css/libraries/clippy-0.0.3.css]
[emupedia.net/beta/emuos/css/libraries/normalize-8.0.1.css]
[emupedia.net/beta/emuos/css/reset.css]
[emupedia.net/beta/emuos/css/fonts.css]
[emupedia.net/beta/emuos/css/desktop.css]
[emupedia.net/beta/emuos/css/taskbar.css]
[emupedia.net/beta/emuos/css/window.css]
[emupedia.net/beta/emuos/css/label.css]
[emupedia.net/beta/emuos/css/badge.css]
[emupedia.net/beta/emuos/images/ui/tree/tree-classic.png]
[emupedia.net/beta/emuos/images/ui/tree/tree-modern.png]
[emupedia.net/beta/emuos/css/tree.css]
[emupedia.net/beta/emuos/css/themes/win3x/reset.css]
[emupedia.net/beta/emuos/css/themes/win3x/cursors.css]
[emupedia.net/beta/emuos/css/themes/win3x/emupedia-resources/icons/win31/up.png]
[emupedia.net/emupedia-resources/icons/win31/down.png]
[emupedia.net/beta/emuos/css/themes/win3x/scrollbar.css]
[emupedia.net/beta/emuos/css/themes/win3x/menu.css]
[emupedia.net/beta/emuos/css/themes/win3x/desktop.css]
[emupedia.net/emupedia-resources/icons/win31/menu.png]
[emupedia.net/emupedia-resources/icons/win31/menu-pressed.png]
[emupedia.net/emupedia-resources/icons/win31/maximize.png]
[emupedia.net/emupedia-resources/icons/win31/restore.png]
[emupedia.net/emupedia-resources/icons/win31/minimize.png]
[emupedia.net/beta/emuos/css/themes/win3x/window.css]
[emupedia.net/emupedia-resources/icons/win31/start.png]
[emupedia.net/beta/emuos/css/themes/win3x/taskbar.css]
[emupedia.net/beta/emuos/css/themes/win9x/reset.css]
[emupedia.net/beta/emuos/css/themes/win9x/cursors.css]
[emupedia.net/emupedia-resources/icons/win31/up.png]
[emupedia.net/beta/emuos/css/themes/win9x/scrollbar.css]
[emupedia.net/beta/emuos/css/themes/win9x/menu.css]
[emupedia.net/beta/emuos/css/themes/win9x/desktop.css]
[emupedia.net/emupedia-resources/icons/win95/close.gif]
[emupedia.net/emupedia-resources/icons/win95/maximize.gif]
[emupedia.net/emupedia-resources/icons/win95/restore.gif]
[emupedia.net/emupedia-resources/icons/win95/minimize.gif]
[emupedia.net/beta/emuos/css/themes/win9x/window.css]
[emupedia.net/emupedia-resources/images/transparent.png]
[emupedia.net/emupedia-resources/icons/win95/start.png]
[emupedia.net/beta/emuos/css/themes/win9x/taskbar.css]
[emupedia.net/beta/emuos/css/themes/seasonal/xmas/snowflakes.css]
[emupedia.net/beta/emuos/css/themes/seasonal/xmas/countdown.css]
[emupedia.net/beta/emuos/css/themes/seasonal/newyear/fireworks.css]
[emupedia.net/beta/emuos/css/themes/seasonal/newyear/countdown.css]
[emupedia.net/emupedia-resources/wallpapers/seasonal/valentines.jpg]
[emupedia.net/beta/emuos/css/themes/seasonal/valentines/background.css]
[emupedia.net/beta/emuos/css/libraries/font/context-menu-icons8905.html]
[emupedia.net/beta/emuos/css/libraries/font/context-menu-icons8905-2.html]
[emupedia.net/beta/emuos/css/libraries/font/context-menu-icons8905-3.html]
[emupedia.net/beta/emuos/css/libraries/font/context-menu-icons8905-4.html]
[emupedia.net/beta/emuos/css/themes/win3x/emupedia-resources/icons/win31/up.html]
